\BOOKMARK [1][-]{section.1}{\376\377\000I\000n\000t\000r\000o\000d\000u\000c\000t\000i\000o\000n}{}% 1
\BOOKMARK [1][-]{section.2}{\376\377\000S\000y\000s\000t\000e\000m\000\040\000A\000r\000c\000h\000i\000t\000e\000c\000t\000u\000r\000e}{}% 2
\BOOKMARK [1][-]{section.3}{\376\377\000L\000i\000f\000t\000\040\000P\000h\000a\000s\000e\000\040\000D\000y\000n\000a\000m\000i\000c\000s}{}% 3
\BOOKMARK [1][-]{section.4}{\376\377\000C\000l\000a\000m\000p\000\040\000a\000n\000d\000\040\000D\000r\000a\000w\000\040\000P\000h\000a\000s\000e}{}% 4
\BOOKMARK [2][-]{subsection.4.1}{\376\377\000K\000n\000o\000t\000\040\000L\000a\000t\000t\000i\000c\000e\000\040\000S\000w\000i\000t\000c\000h\000i\000n\000g}{section.4}% 5
\BOOKMARK [1][-]{section.5}{\376\377\000P\000r\000e\000s\000s\000\040\000P\000h\000a\000s\000e\000\040\000a\000n\000d\000\040\000M\000a\000t\000e\000r\000i\000a\000l\000\040\000R\000e\000s\000p\000o\000n\000s\000e}{}% 6
\BOOKMARK [1][-]{section.6}{\376\377\000E\000n\000e\000r\000g\000y\000\040\000R\000e\000c\000o\000v\000e\000r\000y}{}% 7
\BOOKMARK [2][-]{subsection.6.1}{\376\377\000P\000r\000o\000g\000r\000a\000m\000m\000a\000b\000l\000e\000\040\000D\000i\000s\000c\000h\000a\000r\000g\000e\000\040\000v\000i\000a\000\040\000C\000o\000n\000s\000t\000r\000a\000i\000n\000t\000\040\000G\000e\000o\000m\000e\000t\000r\000y}{section.6}% 8
\BOOKMARK [2][-]{subsection.6.2}{\376\377\000C\000o\000m\000p\000a\000r\000i\000s\000o\000n\000\040\000w\000i\000t\000h\000\040\000T\000h\000e\000r\000m\000a\000l\000\040\000S\000a\000n\000d\000\040\000B\000a\000t\000t\000e\000r\000y\000\040\000S\000y\000s\000t\000e\000m\000s}{section.6}% 9
\BOOKMARK [1][-]{section.7}{\376\377\000T\000h\000e\000r\000m\000o\000f\000l\000u\000i\000d\000i\000c\000\040\000C\000o\000m\000p\000u\000t\000a\000t\000i\000o\000n}{}% 10
\BOOKMARK [1][-]{section.8}{\376\377\000A\000I\000-\000A\000u\000g\000m\000e\000n\000t\000e\000d\000\040\000C\000o\000n\000t\000r\000o\000l\000\040\000L\000a\000y\000e\000r}{}% 11
\BOOKMARK [1][-]{section.9}{\376\377\000B\000i\000o\000l\000o\000g\000i\000c\000a\000l\000\040\000I\000n\000t\000e\000g\000r\000a\000t\000i\000o\000n}{}% 12
\BOOKMARK [1][-]{section.10}{\376\377\000V\000a\000r\000i\000a\000t\000i\000o\000n\000a\000l\000\040\000F\000o\000r\000m\000u\000l\000a\000t\000i\000o\000n\000\040\000o\000f\000\040\000t\000h\000e\000\040\000K\000n\000o\000t\000\040\000L\000a\000t\000t\000i\000c\000e}{}% 13
\BOOKMARK [2][-]{subsection.10.1}{\376\377\000S\000t\000a\000t\000e\000\040\000R\000e\000p\000r\000e\000s\000e\000n\000t\000a\000t\000i\000o\000n}{section.10}% 14
\BOOKMARK [2][-]{subsection.10.2}{\376\377\000E\000n\000e\000r\000g\000y\000\040\000F\000u\000n\000c\000t\000i\000o\000n\000a\000l}{section.10}% 15
\BOOKMARK [2][-]{subsection.10.3}{\376\377\000E\000u\000l\000e\000r\040\023\000L\000a\000g\000r\000a\000n\000g\000e\000\040\000D\000y\000n\000a\000m\000i\000c\000s}{section.10}% 16
\BOOKMARK [2][-]{subsection.10.4}{\376\377\000D\000i\000s\000c\000r\000e\000t\000e\000\040\000S\000w\000i\000t\000c\000h\000i\000n\000g\000\040\000a\000s\000\040\000a\000\040\000L\000i\000m\000i\000t}{section.10}% 17
\BOOKMARK [2][-]{subsection.10.5}{\376\377\000I\000n\000t\000e\000r\000p\000r\000e\000t\000a\000t\000i\000o\000n\000\040\000a\000s\000\040\000P\000h\000y\000s\000i\000c\000a\000l\000\040\000I\000n\000f\000e\000r\000e\000n\000c\000e}{section.10}% 18
\BOOKMARK [1][-]{section.11}{\376\377\000C\000o\000r\000r\000e\000s\000p\000o\000n\000d\000e\000n\000c\000e\000\040\000w\000i\000t\000h\000\040\000F\000i\000e\000l\000d\000-\000T\000h\000e\000o\000r\000e\000t\000i\000c\000\040\000S\000y\000s\000t\000e\000m\000s}{}% 19
\BOOKMARK [2][-]{subsection.11.1}{\376\377\000R\000e\000l\000a\000t\000i\000o\000n\000\040\000t\000o\000\040\000E\000n\000t\000r\000o\000p\000y\000\040\000a\000n\000d\000\040\000A\000c\000c\000e\000s\000s\000i\000b\000i\000l\000i\000t\000y}{section.11}% 20
\BOOKMARK [1][-]{section.12}{\376\377\000R\000S\000V\000P\000\040\000R\000e\000i\000n\000t\000e\000r\000p\000r\000e\000t\000a\000t\000i\000o\000n\000\040\000o\000f\000\040\000t\000h\000e\000\040\000C\000a\000l\000d\000e\000r\000a\000\040\000R\000e\000a\000c\000t\000o\000r}{}% 21
\BOOKMARK [2][-]{subsection.12.1}{\376\377\000F\000i\000e\000l\000d\000\040\000C\000o\000r\000r\000e\000s\000p\000o\000n\000d\000e\000n\000c\000e}{section.12}% 22
\BOOKMARK [2][-]{subsection.12.2}{\376\377\000D\000y\000n\000a\000m\000i\000c\000a\000l\000\040\000E\000q\000u\000i\000v\000a\000l\000e\000n\000c\000e}{section.12}% 23
\BOOKMARK [2][-]{subsection.12.3}{\376\377\000C\000o\000n\000s\000t\000r\000a\000i\000n\000t\000\040\000C\000l\000o\000s\000u\000r\000e\000\040\000a\000n\000d\000\040\000K\000n\000o\000t\000\040\000S\000t\000a\000b\000i\000l\000i\000t\000y}{section.12}% 24
\BOOKMARK [2][-]{subsection.12.4}{\376\377\000E\000n\000t\000r\000o\000p\000y\000\040\000a\000s\000\040\000A\000c\000c\000e\000s\000s\000i\000b\000i\000l\000i\000t\000y\000\040\000o\000f\000\040\000F\000l\000o\000w\000\040\000C\000o\000n\000f\000i\000g\000u\000r\000a\000t\000i\000o\000n\000s}{section.12}% 25
\BOOKMARK [2][-]{subsection.12.5}{\376\377\000E\000n\000e\000r\000g\000y\000\040\000F\000l\000o\000w\000\040\000a\000s\000\040\000E\000n\000t\000r\000o\000p\000y\000\040\000D\000e\000s\000c\000e\000n\000t}{section.12}% 26
\BOOKMARK [2][-]{subsection.12.6}{\376\377\000E\000m\000e\000r\000g\000e\000n\000t\000\040\000C\000o\000m\000p\000u\000t\000a\000t\000i\000o\000n\000\040\000a\000s\000\040\000R\000S\000V\000P\000\040\000D\000y\000n\000a\000m\000i\000c\000s}{section.12}% 27
\BOOKMARK [2][-]{subsection.12.7}{\376\377\000I\000m\000p\000l\000i\000c\000a\000t\000i\000o\000n\000s\000\040\000f\000o\000r\000\040\000R\000e\000a\000c\000t\000o\000r\000\040\000D\000e\000s\000i\000g\000n}{section.12}% 28
\BOOKMARK [1][-]{section.13}{\376\377\000E\000x\000t\000e\000n\000d\000e\000d\000\040\000S\000t\000a\000t\000e\000\040\000R\000e\000p\000r\000e\000s\000e\000n\000t\000a\000t\000i\000o\000n\000\040\000a\000n\000d\000\040\000G\000l\000o\000b\000a\000l\000\040\000E\000v\000o\000l\000u\000t\000i\000o\000n}{}% 29
\BOOKMARK [1][-]{section.14}{\376\377\000N\000u\000m\000e\000r\000i\000c\000a\000l\000\040\000D\000i\000s\000c\000r\000e\000t\000i\000z\000a\000t\000i\000o\000n\000\040\000a\000n\000d\000\040\000S\000i\000m\000u\000l\000a\000t\000i\000o\000n\000\040\000C\000o\000r\000r\000e\000s\000p\000o\000n\000d\000e\000n\000c\000e}{}% 30
\BOOKMARK [2][-]{subsection.14.1}{\376\377\000S\000p\000a\000t\000i\000a\000l\000\040\000D\000i\000s\000c\000r\000e\000t\000i\000z\000a\000t\000i\000o\000n}{section.14}% 31
\BOOKMARK [2][-]{subsection.14.2}{\376\377\000D\000i\000s\000c\000r\000e\000t\000e\000\040\000E\000v\000o\000l\000u\000t\000i\000o\000n\000\040\000E\000q\000u\000a\000t\000i\000o\000n\000s}{section.14}% 32
\BOOKMARK [2][-]{subsection.14.3}{\376\377\000R\000e\000c\000o\000v\000e\000r\000y\000\040\000o\000f\000\040\000D\000i\000s\000c\000r\000e\000t\000e\000\040\000L\000o\000g\000i\000c}{section.14}% 33
\BOOKMARK [2][-]{subsection.14.4}{\376\377\000C\000o\000r\000r\000e\000s\000p\000o\000n\000d\000e\000n\000c\000e\000\040\000w\000i\000t\000h\000\040\000R\000S\000V\000P\000\040\000S\000i\000m\000u\000l\000a\000t\000i\000o\000n}{section.14}% 34
\BOOKMARK [2][-]{subsection.14.5}{\376\377\000S\000t\000a\000b\000i\000l\000i\000t\000y\000\040\000a\000n\000d\000\040\000C\000o\000n\000v\000e\000r\000g\000e\000n\000c\000e}{section.14}% 35
\BOOKMARK [2][-]{subsection.14.6}{\376\377\000T\000h\000e\000\040\000P\000h\000y\000s\000i\000c\000a\000l\000\040\000P\000r\000o\000c\000e\000s\000s\000\040\000a\000s\000\040\000C\000o\000n\000t\000i\000n\000u\000o\000u\000s\000\040\000C\000o\000m\000p\000u\000t\000a\000t\000i\000o\000n}{section.14}% 36
\BOOKMARK [1][-]{section.15}{\376\377\000C\000o\000n\000c\000l\000u\000s\000i\000o\000n}{}% 37
\BOOKMARK [1][-]{appendix.A}{\376\377\000A\000l\000g\000o\000r\000i\000t\000h\000m\000i\000c\000\040\000I\000m\000p\000l\000e\000m\000e\000n\000t\000a\000t\000i\000o\000n\000\040\000o\000f\000\040\000t\000h\000e\000\040\000D\000i\000s\000c\000r\000e\000t\000e\000\040\000F\000i\000e\000l\000d\000\040\000D\000y\000n\000a\000m\000i\000c\000s}{}% 38
\BOOKMARK [2][-]{subsection.A.1}{\376\377\000D\000i\000s\000c\000r\000e\000t\000e\000\040\000S\000t\000a\000t\000e\000\040\000V\000a\000r\000i\000a\000b\000l\000e\000s}{appendix.A}% 39
\BOOKMARK [2][-]{subsection.A.2}{\376\377\000N\000e\000i\000g\000h\000b\000o\000r\000h\000o\000o\000d\000\040\000S\000t\000r\000u\000c\000t\000u\000r\000e\000\040\000a\000n\000d\000\040\000D\000i\000s\000c\000r\000e\000t\000e\000\040\000L\000a\000p\000l\000a\000c\000i\000a\000n}{appendix.A}% 40
\BOOKMARK [2][-]{subsection.A.3}{\376\377\000U\000p\000d\000a\000t\000e\000\040\000E\000q\000u\000a\000t\000i\000o\000n\000s\000\040\000a\000n\000d\000\040\000P\000o\000t\000e\000n\000t\000i\000a\000l\000\040\000D\000e\000r\000i\000v\000a\000t\000i\000v\000e}{appendix.A}% 41
\BOOKMARK [2][-]{subsection.A.4}{\376\377\000B\000o\000u\000n\000d\000a\000r\000y\000\040\000C\000o\000n\000d\000i\000t\000i\000o\000n\000s}{appendix.A}% 42
\BOOKMARK [2][-]{subsection.A.5}{\376\377\000S\000i\000m\000u\000l\000a\000t\000i\000o\000n\000\040\000A\000l\000g\000o\000r\000i\000t\000h\000m}{appendix.A}% 43
\BOOKMARK [2][-]{subsection.A.6}{\376\377\000O\000p\000t\000i\000o\000n\000a\000l\000\040\000D\000i\000s\000c\000r\000e\000t\000e\000\040\000P\000r\000o\000j\000e\000c\000t\000i\000o\000n}{appendix.A}% 44
\BOOKMARK [2][-]{subsection.A.7}{\376\377\000S\000t\000a\000b\000i\000l\000i\000t\000y\000\040\000P\000a\000r\000a\000m\000e\000t\000e\000r\000s\000\040\000a\000n\000d\000\040\000C\000o\000n\000s\000t\000r\000a\000i\000n\000t\000s}{appendix.A}% 45
\BOOKMARK [2][-]{subsection.A.8}{\376\377\000C\000o\000r\000r\000e\000s\000p\000o\000n\000d\000e\000n\000c\000e\000\040\000w\000i\000t\000h\000\040\000R\000S\000V\000P\000\040\000S\000i\000m\000u\000l\000a\000t\000i\000o\000n}{appendix.A}% 46
